[debug] [2026-06-02T11:24:26.931Z] ----------------------------------------------------------------------
[debug] [2026-06-02T11:24:26.934Z] Command:       C:\Users\Korisnik\Desktop\365\novoooo\brisevo365\.tools\node-v20.18.1-win-x64\node.exe C:\Users\Korisnik\Desktop\365\novoooo\brisevo365\.tools\firebase-cli-noscripts\node_modules\firebase-tools\lib\bin\firebase.js deploy --only firestore:rules,firestore:indexes,hosting --project brisevo-93197
[debug] [2026-06-02T11:24:26.934Z] CLI Version:   15.19.0
[debug] [2026-06-02T11:24:26.934Z] Platform:      win32
[debug] [2026-06-02T11:24:26.934Z] Node Version:  v20.18.1
[debug] [2026-06-02T11:24:26.934Z] Time:          Tue Jun 02 2026 13:24:26 GMT+0200 (srednjoeuropsko ljetno vrijeme)
[debug] [2026-06-02T11:24:26.934Z] ----------------------------------------------------------------------
[debug] 
[debug] [2026-06-02T11:24:56.104Z] > command requires scopes: ["email","openid","https://www.googleapis.com/auth/cloudplatformprojects.readonly","https://www.googleapis.com/auth/firebase","https://www.googleapis.com/auth/cloud-platform"]
[debug] [2026-06-02T11:24:56.105Z] > authorizing via signed-in user (365brisevo@gmail.com)
[debug] [2026-06-02T11:24:56.105Z] [iam] checking project brisevo-93197 for permissions ["datastore.indexes.create","datastore.indexes.delete","datastore.indexes.list","datastore.indexes.update","firebase.projects.get","firebasehosting.sites.update"]
[debug] [2026-06-02T11:24:56.106Z] Checked if tokens are valid: true, expires at: 1780403065005
[debug] [2026-06-02T11:24:56.106Z] Checked if tokens are valid: true, expires at: 1780403065005
[debug] [2026-06-02T11:24:56.107Z] >>> [apiv2][query] POST https://cloudresourcemanager.googleapis.com/v1/projects/brisevo-93197:testIamPermissions [none]
[debug] [2026-06-02T11:24:56.107Z] >>> [apiv2][(partial)header] POST https://cloudresourcemanager.googleapis.com/v1/projects/brisevo-93197:testIamPermissions  x-goog-user-project=brisevo-93197
[debug] [2026-06-02T11:24:56.107Z] >>> [apiv2][body] POST https://cloudresourcemanager.googleapis.com/v1/projects/brisevo-93197:testIamPermissions {"permissions":["datastore.indexes.create","datastore.indexes.delete","datastore.indexes.list","datastore.indexes.update","firebase.projects.get","firebasehosting.sites.update"]}
[debug] [2026-06-02T11:24:57.319Z] <<< [apiv2][status] POST https://cloudresourcemanager.googleapis.com/v1/projects/brisevo-93197:testIamPermissions 403
[debug] [2026-06-02T11:24:57.319Z] <<< [apiv2][body] POST https://cloudresourcemanager.googleapis.com/v1/projects/brisevo-93197:testIamPermissions {"error":{"code":403,"message":"Caller does not have required permission to use project brisevo-93197. Grant the caller the roles/serviceusage.serviceUsageConsumer role, or a custom role with the serviceusage.services.use permission, by visiting https://console.developers.google.com/iam-admin/iam?project=brisevo-93197 and then retry. Propagation of the new permission may take a few minutes.","status":"PERMISSION_DENIED","details":[{"@type":"type.googleapis.com/google.rpc.ErrorInfo","reason":"USER_PROJECT_DENIED","domain":"googleapis.com","metadata":{"containerInfo":"brisevo-93197","service":"cloudresourcemanager.googleapis.com","consumer":"projects/brisevo-93197","consoleUrl":"https://console.developers.google.com/iam-admin/iam?project=brisevo-93197"}},{"@type":"type.googleapis.com/google.rpc.LocalizedMessage","locale":"en-US","message":"Caller does not have required permission to use project brisevo-93197. Grant the caller the roles/serviceusage.serviceUsageConsumer role, or a custom role with the serviceusage.services.use permission, by visiting https://console.developers.google.com/iam-admin/iam?project=brisevo-93197 and then retry. Propagation of the new permission may take a few minutes."},{"@type":"type.googleapis.com/google.rpc.Help","links":[{"description":"Google developer console IAM admin","url":"https://console.developers.google.com/iam-admin/iam?project=brisevo-93197"}]}]}}
[debug] [2026-06-02T11:24:57.320Z] [iam] error while checking permissions, command may fail: Request to https://cloudresourcemanager.googleapis.com/v1/projects/brisevo-93197:testIamPermissions had HTTP Error: 403, Caller does not have required permission to use project brisevo-93197. Grant the caller the roles/serviceusage.serviceUsageConsumer role, or a custom role with the serviceusage.services.use permission, by visiting https://console.developers.google.com/iam-admin/iam?project=brisevo-93197 and then retry. Propagation of the new permission may take a few minutes.
[debug] [2026-06-02T11:24:57.321Z] Checked if tokens are valid: true, expires at: 1780403065005
[debug] [2026-06-02T11:24:57.321Z] Checked if tokens are valid: true, expires at: 1780403065005
[debug] [2026-06-02T11:24:57.321Z] >>> [apiv2][query] GET https://firebase.googleapis.com/v1beta1/projects/brisevo-93197 [none]
[debug] [2026-06-02T11:24:57.898Z] <<< [apiv2][status] GET https://firebase.googleapis.com/v1beta1/projects/brisevo-93197 403
[debug] [2026-06-02T11:24:57.899Z] <<< [apiv2][body] GET https://firebase.googleapis.com/v1beta1/projects/brisevo-93197 {"error":{"code":403,"message":"The caller does not have permission","status":"PERMISSION_DENIED"}}
[debug] [2026-06-02T11:24:57.899Z] Request to https://firebase.googleapis.com/v1beta1/projects/brisevo-93197 had HTTP Error: 403, The caller does not have permission
[debug] [2026-06-02T11:24:58.117Z] FirebaseError: Request to https://firebase.googleapis.com/v1beta1/projects/brisevo-93197 had HTTP Error: 403, The caller does not have permission
    at responseToError (C:\Users\Korisnik\Desktop\365\novoooo\brisevo365\.tools\firebase-cli-noscripts\node_modules\firebase-tools\lib\responseToError.js:53:12)
    at RetryOperation._fn (C:\Users\Korisnik\Desktop\365\novoooo\brisevo365\.tools\firebase-cli-noscripts\node_modules\firebase-tools\lib\apiv2.js:333:77)
    at process.processTicksAndRejections (node:internal/process/task_queues:95:5)
[error] 
[error] Error: Failed to get Firebase project brisevo-93197. Please make sure the project exists and your account has permission to access it.
[debug] [2026-06-02T11:25:26.753Z] ----------------------------------------------------------------------
[debug] [2026-06-02T11:25:26.756Z] Command:       C:\Users\Korisnik\Desktop\365\novoooo\brisevo365\.tools\node-v20.18.1-win-x64\node.exe C:\Users\Korisnik\Desktop\365\novoooo\brisevo365\.tools\firebase-cli-noscripts\node_modules\firebase-tools\lib\bin\firebase.js projects:list
[debug] [2026-06-02T11:25:26.756Z] CLI Version:   15.19.0
[debug] [2026-06-02T11:25:26.756Z] Platform:      win32
[debug] [2026-06-02T11:25:26.756Z] Node Version:  v20.18.1
[debug] [2026-06-02T11:25:26.756Z] Time:          Tue Jun 02 2026 13:25:26 GMT+0200 (srednjoeuropsko ljetno vrijeme)
[debug] [2026-06-02T11:25:26.756Z] ----------------------------------------------------------------------
[debug] 
[debug] [2026-06-02T11:25:26.946Z] > command requires scopes: ["email","openid","https://www.googleapis.com/auth/cloudplatformprojects.readonly","https://www.googleapis.com/auth/firebase","https://www.googleapis.com/auth/cloud-platform"]
[debug] [2026-06-02T11:25:26.947Z] > authorizing via signed-in user (365brisevo@gmail.com)
[debug] [2026-06-02T11:25:26.949Z] Checked if tokens are valid: true, expires at: 1780403065005
[debug] [2026-06-02T11:25:26.949Z] Checked if tokens are valid: true, expires at: 1780403065005
[debug] [2026-06-02T11:25:26.951Z] >>> [apiv2][query] GET https://firebase.googleapis.com/v1beta1/projects pageSize=1000
[debug] [2026-06-02T11:25:27.024Z] *** [apiv2] error from fetch(https://firebase.googleapis.com/v1beta1/projects?pageSize=1000, {"headers":{},"method":"GET","agent":{"_events":{},"_eventsCount":2,"options":{"noDelay":true,"path":null},"requests":{},"sockets":{"firebase.googleapis.com:443:::::::::::::::::::::":[]},"freeSockets":{},"keepAliveMsecs":1000,"keepAlive":false,"maxSockets":null,"maxFreeSockets":256,"scheduling":"lifo","maxTotalSockets":null,"totalSocketCount":0,"cache":{"max":20,"maxSize":0,"maxEntrySize":0,"fetchMethod":null,"keyMap":{},"keyList":["https:+http://127.0.0.1:9",null,null,null,null,null,null,null,null,null,null,null,null,null,null,null,null,null,null,null],"valList":[{"_events":{},"_eventsCount":2,"options":{},"requests":{},"sockets":{"firebase.googleapis.com:443:::::::::::::::::::::":[]},"freeSockets":{},"keepAliveMsecs":1000,"keepAlive":false,"maxSockets":null,"maxFreeSockets":256,"scheduling":"lifo","maxTotalSockets":null,"totalSocketCount":0,"proxy":"http://127.0.0.1:9/","proxyHeaders":{},"connectOpts":{"ALPNProtocols":["http/1.1"],"host":"127.0.0.1","port":9}},null,null,null,null,null,null,null,null,null,null,null,null,null,null,null,null,null,null,null],"next":{"0":0,"1":0,"2":0,"3":0,"4":0,"5":0,"6":0,"7":0,"8":0,"9":0,"10":0,"11":0,"12":0,"13":0,"14":0,"15":0,"16":0,"17":0,"18":0,"19":0},"prev":{"0":0,"1":0,"2":0,"3":0,"4":0,"5":0,"6":0,"7":0,"8":0,"9":0,"10":0,"11":0,"12":0,"13":0,"14":0,"15":0,"16":0,"17":0,"18":0,"19":0},"head":0,"tail":0,"free":{"heap":{"0":0,"1":0,"2":0,"3":0,"4":0,"5":0,"6":0,"7":0,"8":0,"9":0,"10":0,"11":0,"12":0,"13":0,"14":0,"15":0,"16":0,"17":0,"18":0,"19":0},"length":0},"initialFill":1,"size":1,"disposeAfter":null,"disposed":null,"noDisposeOnSet":false,"noUpdateTTL":false,"noDeleteOnFetchRejection":false,"allowStaleOnFetchRejection":false,"allowStaleOnFetchAbort":false,"ignoreFetchAbort":false,"allowStale":false,"noDeleteOnStaleGet":false,"updateAgeOnGet":false,"updateAgeOnHas":false,"ttlResolution":1,"ttlAutopurge":false,"ttl":0},"httpAgent":{"_events":{},"_eventsCount":2,"defaultPort":80,"protocol":"http:","options":{"noDelay":true,"path":null},"requests":{},"sockets":{},"freeSockets":{},"keepAliveMsecs":1000,"keepAlive":false,"maxSockets":null,"maxFreeSockets":256,"scheduling":"lifo","maxTotalSockets":null,"totalSocketCount":0},"httpsAgent":{"_events":{},"_eventsCount":2,"defaultPort":443,"protocol":"https:","options":{"noDelay":true,"path":null},"requests":{},"sockets":{},"freeSockets":{},"keepAliveMsecs":1000,"keepAlive":false,"maxSockets":null,"maxFreeSockets":256,"scheduling":"lifo","maxTotalSockets":null,"totalSocketCount":0,"maxCachedSessions":100,"_sessionCache":{"map":{},"list":[]}}},"signal":{"reason":""}}): FetchError: request to https://firebase.googleapis.com/v1beta1/projects?pageSize=1000 failed, reason: connect ECONNREFUSED 127.0.0.1:9
[debug] [2026-06-02T11:25:27.024Z] Failed to make request to https://firebase.googleapis.com/v1beta1/projects?pageSize=1000
[debug] [2026-06-02T11:25:27.231Z] FirebaseError: Failed to make request to https://firebase.googleapis.com/v1beta1/projects?pageSize=1000
    at RetryOperation._fn (C:\Users\Korisnik\Desktop\365\novoooo\brisevo365\.tools\firebase-cli-noscripts\node_modules\firebase-tools\lib\apiv2.js:282:31)
    at process.processTicksAndRejections (node:internal/process/task_queues:95:5)
[error] 
[error] Error: Failed to list Firebase projects. See firebase-debug.log for more info.
